---
source: src/audio/analyzer.rs
expression: data
---
[
    FrameHashes {
        hash_period: 0.3,
        hash_duration: 3.0,
        data: [
            1483753020,
            1483793964,
            1490077228,
            1480607276,
            1497419308,
            2034288173,
            2030102060,
            2030104172,
        ],
        md5: "759c6a520c5ce70359fdff38c4be6b98",
    },
    FrameHashes {
        hash_period: 0.3,
        hash_duration: 3.0,
        data: [
            2063818605,
            2063719791,
            2063648239,
            2063662575,
            2063662574,
        ],
        md5: "759c6a520c5ce70359fdff38c4be6b98",
    },
]
